2026-03-10 15:58:32,149 [INFO] Continuing with existing temporary files.
2026-03-10 15:59:10,337 [INFO] Continuing with existing temporary files.
2026-03-10 15:59:15,504 [INFO] 
Starting Full Workflow...
2026-03-10 15:59:15,504 [INFO] 
[Step 1/4] Processing Chat Log...
2026-03-10 15:59:15,514 [INFO] Chat log for session 72 already exists. Skipping processing.
2026-03-10 15:59:15,514 [INFO] ✅ Found Session Number: 72
2026-03-10 15:59:15,514 [INFO] ✅ Found Session Date: 2026-03-09
2026-03-10 15:59:15,514 [INFO] 
[Step 2/4] Preparing Audio Files...
2026-03-10 15:59:15,514 [INFO] Audio files already exist. Skipping unzip.
2026-03-10 15:59:15,514 [INFO] ✅ Audio files are ready.
2026-03-10 15:59:15,514 [INFO] 
[Step 3/4] Transcribing Audio...
2026-03-10 15:59:15,514 [INFO] All audio files already transcribed. Skipping.
2026-03-10 15:59:15,514 [INFO] ✅ Transcription complete.
2026-03-10 15:59:15,514 [INFO] 
[Step 4/4] Combining Transcriptions...
2026-03-10 15:59:15,514 [INFO] Combined transcriptions for session 72 already exist. Skipping.
2026-03-10 15:59:15,514 [INFO] ✅ Transcriptions combined.
2026-03-10 15:59:15,515 [INFO] 
✨ Transcription workflow completed in 00:00:00. ✨
2026-03-10 15:59:15,515 [INFO] 
[Step 5/5] Generating Session Notes with AI...
2026-03-10 15:59:15,515 [INFO] Generating detailed session summary...
2026-03-10 16:00:14,248 [INFO] Session summary generated.
2026-03-10 16:00:14,248 [INFO] Waiting 3s for API rate limit...
2026-03-10 16:00:17,249 [INFO] Extracting structured details...
2026-03-10 16:00:29,380 [INFO] Session details extracted.
2026-03-10 16:00:29,380 [INFO] Waiting 3s for API rate limit...
2026-03-10 16:06:05,023 [INFO] Continuing with existing temporary files.
2026-03-10 16:06:06,272 [INFO] 
Starting Full Workflow...
2026-03-10 16:06:06,272 [INFO] 
[Step 1/4] Processing Chat Log...
2026-03-10 16:06:06,277 [INFO] Chat log for session 72 already exists. Skipping processing.
2026-03-10 16:06:06,277 [INFO] ✅ Found Session Number: 72
2026-03-10 16:06:06,277 [INFO] ✅ Found Session Date: 2026-03-09
2026-03-10 16:06:06,277 [INFO] 
[Step 2/4] Preparing Audio Files...
2026-03-10 16:06:06,277 [INFO] Audio files already exist. Skipping unzip.
2026-03-10 16:06:06,277 [INFO] ✅ Audio files are ready.
2026-03-10 16:06:06,277 [INFO] 
[Step 3/4] Transcribing Audio...
2026-03-10 16:06:06,278 [INFO] All audio files already transcribed. Skipping.
2026-03-10 16:06:06,278 [INFO] ✅ Transcription complete.
2026-03-10 16:06:06,278 [INFO] 
[Step 4/4] Combining Transcriptions...
2026-03-10 16:06:06,278 [INFO] Combined transcriptions for session 72 already exist. Skipping.
2026-03-10 16:06:06,278 [INFO] ✅ Transcriptions combined.
2026-03-10 16:06:06,278 [INFO] 
✨ Transcription workflow completed in 00:00:00. ✨
2026-03-10 16:06:06,278 [INFO] 
[Step 5/5] Generating Session Notes with AI...
2026-03-10 16:06:06,279 [INFO] Generating detailed session summary...
2026-03-10 16:06:58,062 [INFO] Session summary generated.
2026-03-10 16:06:58,063 [INFO] Interim session summary saved to temp/summary_session_72.txt
2026-03-10 16:06:58,063 [INFO] Waiting 3s for API rate limit...
2026-03-10 16:07:01,063 [INFO] Extracting structured details...
2026-03-10 16:07:13,542 [INFO] Session details extracted.
2026-03-10 16:07:13,548 [INFO] Interim session details saved to temp/details_session_72.json
2026-03-10 16:07:13,549 [INFO] Waiting 3s for API rate limit...
2026-03-10 16:07:16,549 [INFO] Extracting memorable quotes...
2026-03-10 16:17:34,465 [INFO] Quotes extracted.
2026-03-10 16:17:34,465 [INFO] Interim quotes saved to temp/quotes_session_72.json
2026-03-10 16:17:34,465 [INFO] Session notes saved to /home/karpiq/Nextcloud/DnD/2 Kampanie/Odyssey of the Dragonlords/06 Session Recaps/Sesja 72 - Śniadanie u Tytana Bochenek Przeznaczenia w Wieży Praxys.md
2026-03-10 16:17:34,466 [INFO] ✅ AI-powered session notes have been generated and saved.
2026-03-10 16:17:34,466 [INFO] 
✨ Full workflow completed in 00:11:28. ✨
2026-03-10 16:18:24,408 [INFO] Continuing with existing temporary files.
2026-03-10 16:18:25,187 [INFO] 
Starting Full Workflow...
2026-03-10 16:18:25,187 [INFO] 
[Step 1/4] Processing Chat Log...
2026-03-10 16:18:25,198 [INFO] Prettified chat log saved to: /home/karpiq/Code/OotD/content/assets/sessions/072/chat_log.json
2026-03-10 16:18:25,198 [INFO] ✅ Found Session Number: 72
2026-03-10 16:18:25,198 [INFO] ✅ Found Session Date: 2026-03-09
2026-03-10 16:18:25,198 [INFO] 
[Step 2/4] Preparing Audio Files...
2026-03-10 16:18:25,198 [INFO] Audio files already exist. Skipping unzip.
2026-03-10 16:18:25,198 [INFO] ✅ Audio files are ready.
2026-03-10 16:18:25,198 [INFO] 
[Step 3/4] Transcribing Audio...
2026-03-10 16:18:25,198 [INFO] All audio files already transcribed. Skipping.
2026-03-10 16:18:25,198 [INFO] ✅ Transcription complete.
2026-03-10 16:18:25,198 [INFO] 
[Step 4/4] Combining Transcriptions...
2026-03-10 16:18:25,301 [INFO] Combined transcription saved to /home/karpiq/Code/OotD/content/assets/sessions/072/transcript.txt
2026-03-10 16:18:25,302 [INFO] ✅ Transcriptions combined.
2026-03-10 16:18:25,302 [INFO] 
✨ Transcription workflow completed in 00:00:00. ✨
2026-03-10 16:18:25,302 [INFO] 
[Step 5/5] Generating Session Notes with AI...
2026-03-10 16:18:25,303 [INFO] Existing session summary found at temp/summary_session_72.txt. Loading it...
2026-03-10 16:18:25,303 [INFO] Existing session details found at temp/details_session_72.json. Loading it...
2026-03-10 16:18:25,303 [INFO] Existing quotes found at temp/quotes_session_72.json. Loading it...
2026-03-10 16:18:25,303 [INFO] Session notes saved to /home/karpiq/Code/OotD/content/01-Sessions/Sesja 72 - Śniadanie u Tytana Bochenek Przeznaczenia w Wieży Praxys.md
2026-03-10 16:18:25,303 [INFO] ✅ AI-powered session notes have been generated and saved.
2026-03-10 16:18:25,303 [INFO] 
✨ Full workflow completed in 00:00:00. ✨
2026-03-10 16:19:02,440 [INFO] 
Starting Full Workflow...
2026-03-10 16:19:02,440 [INFO] 
[Step 1/4] Processing Chat Log...
2026-03-10 16:19:02,442 [INFO] Chat log for session 72 already exists in /home/karpiq/Code/OotD/content/assets/sessions/072/chat_log.json. Skipping processing.
2026-03-10 16:19:02,442 [INFO] ✅ Found Session Number: 72
2026-03-10 16:19:02,442 [INFO] ✅ Found Session Date: 2026-03-09
2026-03-10 16:19:02,442 [INFO] 
[Step 2/4] Preparing Audio Files...
2026-03-10 16:19:02,442 [INFO] Audio files already exist. Skipping unzip.
2026-03-10 16:19:02,443 [INFO] ✅ Audio files are ready.
2026-03-10 16:19:02,443 [INFO] 
[Step 3/4] Transcribing Audio...
2026-03-10 16:19:02,443 [INFO] All audio files already transcribed. Skipping.
2026-03-10 16:19:02,443 [INFO] ✅ Transcription complete.
2026-03-10 16:19:02,443 [INFO] 
[Step 4/4] Combining Transcriptions...
2026-03-10 16:19:02,443 [INFO] Combined transcriptions for session 72 already exist in /home/karpiq/Code/OotD/content/assets/sessions/072. Skipping.
2026-03-10 16:19:02,443 [INFO] ✅ Transcriptions combined.
2026-03-10 16:19:02,443 [INFO] 
✨ Transcription workflow completed in 00:00:00. ✨
2026-03-10 16:19:02,443 [INFO] 
[Step 5/5] Generating Session Notes with AI...
2026-03-10 16:19:02,443 [INFO] Existing session summary found at temp/summary_session_72.txt. Loading it...
2026-03-10 16:19:02,443 [INFO] Existing session details found at temp/details_session_72.json. Loading it...
2026-03-10 16:19:02,443 [INFO] Existing quotes found at temp/quotes_session_72.json. Loading it...
2026-03-10 16:19:02,444 [INFO] Session notes saved to /home/karpiq/Code/OotD/content/01-Sessions/Sesja 72 - Śniadanie u Tytana Bochenek Przeznaczenia w Wieży Praxys.md
2026-03-10 16:19:02,444 [INFO] ✅ AI-powered session notes have been generated and saved.
2026-03-10 16:19:02,444 [INFO] 
✨ Full workflow completed in 00:00:00. ✨
